Microsoft Windows [versão 10.0.19043.1526]
(c) Microsoft Corporation. Todos os direitos reservados.

C:\Users\rodrigo.hirayama\OneDrive - ANAC\FATEC\Materias\Informatica\repo_01>git --version
git version 2.35.1.windows.2

C:\Users\rodrigo.hirayama\OneDrive - ANAC\FATEC\Materias\Informatica\repo_01>git init
Initialized empty Git repository in C:/Users/rodrigo.hirayama/OneDrive - ANAC/FATEC/Materias/Informatica/repo_01/.git/

C:\Users\rodrigo.hirayama\OneDrive - ANAC\FATEC\Materias\Informatica\repo_01>git config --local user.name "Rodrigo Hirayama"

C:\Users\rodrigo.hirayama\OneDrive - ANAC\FATEC\Materias\Informatica\repo_01>git config --local user.email "rodrigo.hirayama@fatec.sp.gov.br"

C:\Users\rodrigo.hirayama\OneDrive - ANAC\FATEC\Materias\Informatica\repo_01>git status
On branch master

No commits yet

Untracked files:
  (use "git add <file>..." to include in what will be committed)
        Git parte 02.txt
        anotacoes.txt

nothing added to commit but untracked files present (use "git add" to track)

C:\Users\rodrigo.hirayama\OneDrive - ANAC\FATEC\Materias\Informatica\repo_01>git add anotacoes.txt

C:\Users\rodrigo.hirayama\OneDrive - ANAC\FATEC\Materias\Informatica\repo_01>git status
On branch master

No commits yet

Changes to be committed:
  (use "git rm --cached <file>..." to unstage)
        new file:   anotacoes.txt

Untracked files:
  (use "git add <file>..." to include in what will be committed)
        Git parte 02.txt


C:\Users\rodrigo.hirayama\OneDrive - ANAC\FATEC\Materias\Informatica\repo_01>git commit -m"Criacao do arquivo e primeiro envio ao repositorio"
[master (root-commit) 68e07ac] Criacao do arquivo e primeiro envio ao repositorio
 1 file changed, 1 insertion(+)
 create mode 100644 anotacoes.txt

C:\Users\rodrigo.hirayama\OneDrive - ANAC\FATEC\Materias\Informatica\repo_01>git status
On branch master
Untracked files:
  (use "git add <file>..." to include in what will be committed)
        Git parte 02.txt

nothing added to commit but untracked files present (use "git add" to track)

C:\Users\rodrigo.hirayama\OneDrive - ANAC\FATEC\Materias\Informatica\repo_01>git status
On branch master
Changes not staged for commit:
  (use "git add <file>..." to update what will be committed)
  (use "git restore <file>..." to discard changes in working directory)
        modified:   anotacoes.txt

Untracked files:
  (use "git add <file>..." to include in what will be committed)
        Git parte 02.txt

no changes added to commit (use "git add" and/or "git commit -a")

C:\Users\rodrigo.hirayama\OneDrive - ANAC\FATEC\Materias\Informatica\repo_01>git add anotacoes.txt

C:\Users\rodrigo.hirayama\OneDrive - ANAC\FATEC\Materias\Informatica\repo_01>git commit -m"Minha segunda alteracao"
[master db2aff2] Minha segunda alteracao
 1 file changed, 3 insertions(+), 1 deletion(-)

C:\Users\rodrigo.hirayama\OneDrive - ANAC\FATEC\Materias\Informatica\repo_01>